###############################################################################
#
# IAR ELF Linker V9.10.1.308/W64 for ARM                  22/Dec/2025  15:54:20
# Copyright 2007-2021 IAR Systems AB.
#
#    Output file  =
#        C:\men3em\semester 5\Embedded\Project\Control\Debug\Exe\Control.out
#    Map file     =
#        C:\men3em\semester 5\Embedded\Project\Control\Debug\List\Control.map
#    Command line =
#        -f "C:\men3em\semester
#        5\Embedded\Project\Control\Debug\Exe\Control.out.rsp"
#        ("C:\men3em\semester 5\Embedded\Project\Control\Debug\Obj\buzzer.o"
#        "C:\men3em\semester 5\Embedded\Project\Control\Debug\Obj\dio.o"
#        "C:\men3em\semester 5\Embedded\Project\Control\Debug\Obj\eeprom.o"
#        "C:\men3em\semester 5\Embedded\Project\Control\Debug\Obj\main.o"
#        "C:\men3em\semester 5\Embedded\Project\Control\Debug\Obj\motor.o"
#        "C:\men3em\semester 5\Embedded\Project\Control\Debug\Obj\systick.o"
#        "C:\men3em\semester 5\Embedded\Project\Control\Debug\Obj\uart.o"
#        --no_out_extension -o "C:\men3em\semester
#        5\Embedded\Project\Control\Debug\Exe\Control.out" --redirect
#        _Printf=_PrintfFullNoMb --redirect _Scanf=_ScanfFullNoMb --map
#        "C:\men3em\semester 5\Embedded\Project\Control\Debug\List\Control.map"
#        --config "C:\Program Files\IAR Systems\Embedded Workbench
#        9.0\arm\config\linker\TexasInstruments\TM4C123GH6.icf" --semihosting
#        C:\ti\TivaWare_C_Series-2.2.0.295\driverlib\ewarm\Exe\driverlib.a
#        --entry __iar_program_start --vfe --enable_stack_usage --text_out
#        locale)
#
###############################################################################

*******************************************************************************
*** MESSAGES
***

Warning[Lt009]: Inconsistent wchar_t size
            eeprom.o(driverlib.a) and 5 other objects in driverlib.a have
                      wchar_t size 16 bits
            buzzer.o and 19 other objects, some of them in dl7M_tln.a and 11
                      other libraries have wchar_t size 32 bits


*******************************************************************************
*** RUNTIME MODEL ATTRIBUTES
***

CppFlavor       = *
__SystemLibrary = DLib
__dlib_version  = 6


*******************************************************************************
*** HEAP SELECTION
***

The basic heap was selected because no calls to memory allocation
functions were found in the application outside of system library
functions, and there are calls to deallocation functions in the
application.


*******************************************************************************
*** PLACEMENT SUMMARY
***

"A0":  place at address 0x0 { ro section .intvec };
"P1":  place in [from 0x0 to 0x3'ffff] { ro };
define block CSTACK with size = 4K, alignment = 8 { };
define block HEAP with size = 8K, alignment = 8 { };
"P2":  place in [from 0x2000'0000 to 0x2000'7fff] {
          rw, block CSTACK, block HEAP };
initialize by copy { rw };

  Section            Kind         Address    Size  Object
  -------            ----         -------    ----  ------
"A0":                                        0x40
  .intvec            ro code          0x0    0x40  vector_table_M.o [5]
                                   - 0x40    0x40

"P1":                                      0x11d0
  .text              ro code         0x40   0x42c  dio.o [1]
  .text              ro code        0x46c   0x3f8  main.o [1]
  .text              ro code        0x864    0x60  systick.o [1]
  .text              ro code        0x8c4    0x9c  uart.o [1]
  .text              ro code        0x960    0xac  eeprom.o [1]
  .text              ro code        0xa0c    0x74  motor.o [1]
  .text              ro code        0xa80    0xdc  buzzer.o [1]
  .text              ro code        0xb5c    0x12  strcmp.o [5]
  .text              ro code        0xb6e    0x2a  copy_init3.o [5]
  .text              ro code        0xb98    0x18  strcpy.o [5]
  .text              ro code        0xbb0    0x90  sysctl.o [3]
  .text              ro code        0xc40   0x294  gpio.o [3]
  .text              ro code        0xed4    0xac  uart.o [3]
  .text              ro code        0xf80   0x1b4  eeprom.o [3]
  .text              ro code       0x1134    0x28  data_init.o [5]
  .text              ro code       0x115c    0x22  fpinit_M.o [4]
  .iar.init_table    const         0x1180    0x14  - Linker created -
  .text              ro code       0x1194     0x2  vectortrap_M.o [5]
  .text              ro code       0x1198    0x1e  cmain.o [5]
  .text              ro code       0x11b6     0x4  low_level_init.o [2]
  .text              ro code       0x11ba     0x4  exit.o [2]
  .text              ro code       0x11c0     0xa  cexit.o [5]
  .text              ro code       0x11cc    0x14  exit.o [6]
  .text              ro code       0x11e0    0x1c  cstartup_M.o [5]
  Initializer bytes  const         0x11fc     0xc  <for P2-1>
  .rodata            const         0x1208     0x8  main.o [1]
  .rodata            const         0x1210     0x0  copy_init3.o [5]
                                 - 0x1210  0x11d0

"P2", part 1 of 2:                            0xc
  P2-1                        0x2000'0000     0xa  <Init block>
    .bss             inited   0x2000'0000     0x8  main.o [1]
    .data            inited   0x2000'0008     0x1  main.o [1]
    .bss             inited   0x2000'0009     0x1  systick.o [1]
                            - 0x2000'000a     0xa

"P2", part 2 of 2:                         0x1000
  CSTACK                      0x2000'0010  0x1000  <Block>
    CSTACK           uninit   0x2000'0010  0x1000  <Block tail>
                            - 0x2000'1010  0x1000

Unused ranges:

         From           To      Size
         ----           --      ----
       0x1210     0x3'ffff  0x3'edf0
  0x2000'000c  0x2000'000f       0x4
  0x2000'1010  0x2000'7fff    0x6ff0


*******************************************************************************
*** INIT TABLE
***

          Address      Size
          -------      ----
Copy (__iar_copy_init3)
    1 source range, total size 0xc (120% of destination):
               0x11fc   0xc
    1 destination range, total size 0xa:
          0x2000'0000   0xa


*******************************************************************************
*** STACK USAGE
***

  Call Graph Root Category  Max Use  Total Use
  ------------------------  -------  ---------
  interrupt                      0          0
  Program entry                136        136


Program entry
  "__iar_program_start": 0x11e1

  Maximum call chain                              136  bytes

    "__iar_program_start"                           0
    "__cmain"                                       0
    "main"                                          8
    "HandleSetupPassword"                          24
    "SavePassword"                                 16
    "MarkPasswordAsValid"                           8
    "EEPROM_WriteWord"                             24
    "EEPROMProgram"                                40
    "_EEPROMSectorMaskSet" in eeprom.o [3]         16

interrupt
  "__default_handler" in vectortrap_M.o [5]: 0x1195

  Maximum call chain                                0  bytes

    "__default_handler" in vectortrap_M.o [5]       0


*******************************************************************************
*** MODULE SUMMARY
***

    Module            ro code  ro data  rw data
    ------            -------  -------  -------
command line/config:
    -------------------------------------------
    Total:

C:\men3em\semester 5\Embedded\Project\Control\Debug\Obj: [1]
    buzzer.o              220
    dio.o               1'068
    eeprom.o              172
    main.o              1'016       17        9
    motor.o               116
    systick.o              96        1        1
    uart.o                156
    -------------------------------------------
    Total:              2'844       18       10

dl7M_tln.a: [2]
    exit.o                  4
    low_level_init.o        4
    -------------------------------------------
    Total:                  8

driverlib.a: [3]
    eeprom.o              436
    gpio.o                660
    sysctl.o              144
    uart.o                172
    -------------------------------------------
    Total:              1'412

m7M_tls.a: [4]
    fpinit_M.o             34
    -------------------------------------------
    Total:                 34

rt7M_tl.a: [5]
    cexit.o                10
    cmain.o                30
    copy_init3.o           42
    cstartup_M.o           28
    data_init.o            40
    strcmp.o               18
    strcpy.o               24
    vector_table_M.o       64
    vectortrap_M.o          2
    -------------------------------------------
    Total:                258

shb_l.a: [6]
    exit.o                 20
    -------------------------------------------
    Total:                 20

    Gaps                    6        2
    Linker created                  22    4'096
-----------------------------------------------
    Grand Total:        4'582       42    4'106


*******************************************************************************
*** ENTRY LIST
***

Entry                       Address   Size  Type      Object
-----                       -------   ----  ----      ------
.iar.init_table$$Base        0x1180          --   Gb  - Linker created -
.iar.init_table$$Limit       0x1194          --   Gb  - Linker created -
?main                        0x1199         Code  Gb  cmain.o [5]
BusFault_Handler             0x1195         Code  Wk  vectortrap_M.o [5]
Buzzer_Beep                   0xaef   0x4a  Code  Gb  buzzer.o [1]
Buzzer_Init                   0xa81   0x6e  Code  Gb  buzzer.o [1]
CSTACK$$Base            0x2000'0010          --   Gb  - Linker created -
CSTACK$$Limit           0x2000'1010          --   Gb  - Linker created -
CalculateAddress              0x961    0xa  Code  Lc  eeprom.o [1]
DIO_Init                       0x41  0x2d6  Code  Gb  dio.o [1]
DIO_WritePin                  0x317   0xac  Code  Gb  dio.o [1]
DebugMon_Handler             0x1195         Code  Wk  vectortrap_M.o [5]
DelayMs                       0x893   0x22  Code  Gb  systick.o [1]
EEPROMInit                    0xfd9   0x2a  Code  Gb  eeprom.o [3]
EEPROMMassErase              0x10d3   0x3c  Code  Gb  eeprom.o [3]
EEPROMProgram                0x103b   0x98  Code  Gb  eeprom.o [3]
EEPROMRead                   0x1011   0x2a  Code  Gb  eeprom.o [3]
EEPROM_Init                   0x96b   0x24  Code  Gb  eeprom.o [1]
EEPROM_MassErase              0x9f9   0x14  Code  Gb  eeprom.o [1]
EEPROM_ReadWord               0x9c9   0x30  Code  Gb  eeprom.o [1]
EEPROM_WriteWord              0x995   0x34  Code  Gb  eeprom.o [1]
GPIODirModeSet                0xc41   0x28  Code  Gb  gpio.o [3]
GPIOPadConfigSet              0xc69  0x174  Code  Gb  gpio.o [3]
GPIOPinConfigure              0xdfd   0x38  Code  Gb  gpio.o [3]
GPIOPinTypeUART               0xde9   0x14  Code  Gb  gpio.o [3]
HandleChangePassword          0x67b   0x24  Code  Gb  main.o [1]
HandleCheckPassword           0x83d   0x1a  Code  Gb  main.o [1]
HandleEraseEEPROM             0x7bf   0x3a  Code  Gb  main.o [1]
HandleOpenDoor                0x6ff   0x2c  Code  Gb  main.o [1]
HandleSetTimeout              0x69f   0x60  Code  Gb  main.o [1]
HandleSetupPassword           0x63d   0x3e  Code  Gb  main.o [1]
HandleTriggerLockout          0x835    0x8  Code  Gb  main.o [1]
HardFault_Handler            0x1195         Code  Wk  vectortrap_M.o [5]
IsPasswordValid               0x7f9   0x1e  Code  Gb  main.o [1]
LoadPassword                  0x5b1   0x44  Code  Gb  main.o [1]
LoadTimeout                   0x5f5   0x2a  Code  Gb  main.o [1]
MarkPasswordAsValid           0x817    0xe  Code  Gb  main.o [1]
MemManage_Handler            0x1195         Code  Wk  vectortrap_M.o [5]
Motor_Init                    0xa0d   0x2c  Code  Gb  motor.o [1]
Motor_RotateCCW               0xa51   0x18  Code  Gb  motor.o [1]
Motor_RotateCW                0xa39   0x18  Code  Gb  motor.o [1]
Motor_Stop                    0xa69   0x18  Code  Gb  motor.o [1]
NMI_Handler                  0x1195         Code  Wk  vectortrap_M.o [5]
PendSV_Handler               0x1195         Code  Wk  vectortrap_M.o [5]
PerformDoorOperation          0x72b   0x6e  Code  Gb  main.o [1]
ReceivePassword               0x4f3   0x54  Code  Gb  main.o [1]
Region$$Table$$Base          0x1180          --   Gb  - Linker created -
Region$$Table$$Limit         0x1194          --   Gb  - Linker created -
SVC_Handler                  0x1195         Code  Wk  vectortrap_M.o [5]
SavePassword                  0x561   0x50  Code  Gb  main.o [1]
SaveTimeout                   0x61f   0x1e  Code  Gb  main.o [1]
SendCountdown                 0x857    0xe  Code  Gb  main.o [1]
SysCtlDelay                   0xc2d    0x8  Code  Gb  sysctl.o [3]
SysCtlPeripheralEnable        0xc11    0x8  Code  Gb  sysctl.o [3]
SysCtlPeripheralReady         0xbb1    0x8  Code  Gb  sysctl.o [3]
SysCtlPeripheralReset         0xbd1   0x40  Code  Gb  sysctl.o [3]
SysTick_Handler              0x1195         Code  Wk  vectortrap_M.o [5]
SysTick_Init                  0x865   0x2e  Code  Gb  systick.o [1]
TriggerLockout                0x799   0x26  Code  Gb  main.o [1]
UART5_Init                    0x8c5   0x4c  Code  Gb  uart.o [1]
UART5_IsDataAvailable         0x92d   0x16  Code  Gb  uart.o [1]
UART5_ReceiveChar             0x921    0xc  Code  Gb  uart.o [1]
UART5_SendChar                0x911   0x10  Code  Gb  uart.o [1]
UARTCharGet                   0xf6d    0xa  Code  Gb  uart.o [3]
UARTCharPut                   0xf77    0xa  Code  Gb  uart.o [3]
UARTCharsAvail                0xf5d    0x6  Code  Gb  uart.o [3]
UARTConfigSetExpClk           0xed5   0x4c  Code  Gb  uart.o [3]
UARTDisable                   0xf3b   0x1e  Code  Gb  uart.o [3]
UARTEnable                    0xf21   0x1a  Code  Gb  uart.o [3]
UsageFault_Handler           0x1195         Code  Wk  vectortrap_M.o [5]
VerifyPassword                0x547   0x1a  Code  Gb  main.o [1]
_EEPROMSectorMaskClear        0xfab   0x22  Code  Lc  eeprom.o [3]
_EEPROMSectorMaskSet          0xf81   0x2a  Code  Lc  eeprom.o [3]
__cmain                      0x1199         Code  Gb  cmain.o [5]
__exit                       0x11cd   0x14  Code  Gb  exit.o [6]
__iar_copy_init3              0xb6f   0x2a  Code  Gb  copy_init3.o [5]
__iar_data_init3             0x1135   0x28  Code  Gb  data_init.o [5]
__iar_init_vfp               0x115d         Code  Gb  fpinit_M.o [4]
__iar_program_start          0x11e1         Code  Gb  cstartup_M.o [5]
__low_level_init             0x11b7    0x4  Code  Gb  low_level_init.o [2]
__vector_table                  0x0         Data  Gb  vector_table_M.o [5]
_call_main                   0x11a5         Code  Gb  cmain.o [5]
_exit                        0x11c1         Code  Gb  cexit.o [5]
exit                         0x11bb    0x4  Code  Gb  exit.o [2]
g_autoLockTimeout       0x2000'0008    0x1  Data  Lc  main.o [1]
g_pui32GPIOBaseAddrs          0xe44   0x90  Data  Lc  gpio.o [3]
g_storedPassword        0x2000'0000    0x8  Data  Lc  main.o [1]
interruptMode           0x2000'0009    0x1  Data  Lc  systick.o [1]
main                          0x46d   0x86  Code  Gb  main.o [1]
strcmp                        0xb5d         Code  Gb  strcmp.o [5]
strcpy                        0xb99         Code  Gb  strcpy.o [5]


[1] = C:\men3em\semester 5\Embedded\Project\Control\Debug\Obj
[2] = dl7M_tln.a
[3] = driverlib.a
[4] = m7M_tls.a
[5] = rt7M_tl.a
[6] = shb_l.a

  4'582 bytes of readonly  code memory
     42 bytes of readonly  data memory
  4'106 bytes of readwrite data memory

Errors: none
Warnings: 1
